// Vitest Snapshot v1, https://vitest.dev/guide/snapshot.html

exports[`getNeighboringGridSquares > matches the recorded neighbor codes 1`] = `
[
  "FN42dr",
  "FN42er",
  "FN42fr",
  "FN42gr",
  "FN42hr",
  "FN42ir",
  "FN42jr",
  "FN42kr",
  "FN42lr",
  "FN42mr",
  "FN42nr",
  "FN42dq",
  "FN42eq",
  "FN42fq",
  "FN42gq",
  "FN42hq",
  "FN42iq",
  "FN42jq",
  "FN42kq",
  "FN42lq",
  "FN42mq",
  "FN42nq",
  "FN42dp",
  "FN42ep",
  "FN42fp",
  "FN42gp",
  "FN42hp",
  "FN42ip",
  "FN42jp",
  "FN42kp",
  "FN42lp",
  "FN42mp",
  "FN42np",
  "FN42do",
  "FN42eo",
  "FN42fo",
  "FN42go",
  "FN42ho",
  "FN42io",
  "FN42jo",
  "FN42ko",
  "FN42lo",
  "FN42mo",
  "FN42no",
  "FN42dn",
  "FN42en",
  "FN42fn",
  "FN42gn",
  "FN42hn",
  "FN42in",
  "FN42jn",
  "FN42kn",
  "FN42ln",
  "FN42mn",
  "FN42nn",
  "FN42dm",
  "FN42em",
  "FN42fm",
  "FN42gm",
  "FN42hm",
  "FN42im",
  "FN42jm",
  "FN42km",
  "FN42lm",
  "FN42mm",
  "FN42nm",
  "FN42dl",
  "FN42el",
  "FN42fl",
  "FN42gl",
  "FN42hl",
  "FN42il",
  "FN42jl",
  "FN42kl",
  "FN42ll",
  "FN42ml",
  "FN42nl",
  "FN42dk",
  "FN42ek",
  "FN42fk",
  "FN42gk",
  "FN42hk",
  "FN42ik",
  "FN42jk",
  "FN42kk",
  "FN42lk",
  "FN42mk",
  "FN42nk",
  "FN42dj",
  "FN42ej",
  "FN42fj",
  "FN42gj",
  "FN42hj",
  "FN42ij",
  "FN42jj",
  "FN42kj",
  "FN42lj",
  "FN42mj",
  "FN42nj",
  "FN42di",
  "FN42ei",
  "FN42fi",
  "FN42gi",
  "FN42hi",
  "FN42ii",
  "FN42ji",
  "FN42ki",
  "FN42li",
  "FN42mi",
  "FN42ni",
  "FN42dh",
  "FN42eh",
  "FN42fh",
  "FN42gh",
  "FN42hh",
  "FN42ih",
  "FN42jh",
  "FN42kh",
  "FN42lh",
  "FN42mh",
  "FN42nh",
]
`;
